Archive member included to satisfy reference by file (symbol)

libc.a(console.o)             malloc-outofmem.o (Console::vprintf(char const*, char*))
libc.a(stdio.o)               malloc-outofmem.o (printf)
libc.a(start.o)               (_start)
libc.a(init.o)                libc.a(start.o) (__init)
libc.a(mem_alloc.o)           malloc-outofmem.o (my_malloc)
libc.a(console_kernel.o)      libc.a(stdio.o) (vtable for Console_kernel)

Merging program properties

Removed property 0xc0010001 to merge malloc-outofmem.o (0x1) and libc.a(console.o) (not found)
Removed property 0xc0010002 to merge malloc-outofmem.o (0x0) and libc.a(console.o) (not found)
Removed property 0xc0000002 to merge malloc-outofmem.o (not found) and libc.a(console.o) (0x3)
Removed property 0xc0000002 to merge malloc-outofmem.o (not found) and libc.a(stdio.o) (0x3)
Removed property 0xc0000002 to merge malloc-outofmem.o (not found) and libc.a(init.o) (0x3)
Removed property 0xc0000002 to merge malloc-outofmem.o (not found) and libc.a(mem_alloc.o) (0x3)
Removed property 0xc0000002 to merge malloc-outofmem.o (not found) and libc.a(console_kernel.o) (0x3)

Discarded input sections

 .group         0x0000000000000000        0x8 malloc-outofmem.o
 .group         0x0000000000000000        0xc malloc-outofmem.o
 .group         0x0000000000000000        0xc malloc-outofmem.o
 .group         0x0000000000000000        0xc malloc-outofmem.o
 .note.GNU-stack
                0x0000000000000000        0x0 malloc-outofmem.o
 .note.gnu.property
                0x0000000000000000       0x28 malloc-outofmem.o
 .eh_frame      0x0000000000000000      0x270 malloc-outofmem.o
 .group         0x0000000000000000        0x8 libc.a(console.o)
 .data          0x0000000000000000        0x0 libc.a(console.o)
 .bss           0x0000000000000000        0x0 libc.a(console.o)
 .note.GNU-stack
                0x0000000000000000        0x0 libc.a(console.o)
 .note.gnu.property
                0x0000000000000000       0x1c libc.a(console.o)
 .eh_frame      0x0000000000000000      0x180 libc.a(console.o)
 .group         0x0000000000000000        0x8 libc.a(stdio.o)
 .group         0x0000000000000000        0x8 libc.a(stdio.o)
 .group         0x0000000000000000        0x8 libc.a(stdio.o)
 .group         0x0000000000000000        0x8 libc.a(stdio.o)
 .data          0x0000000000000000        0x0 libc.a(stdio.o)
 .note.GNU-stack
                0x0000000000000000        0x0 libc.a(stdio.o)
 .note.gnu.property
                0x0000000000000000       0x1c libc.a(stdio.o)
 .eh_frame      0x0000000000000000      0x11c libc.a(stdio.o)
 .data          0x0000000000000000        0x0 libc.a(start.o)
 .bss           0x0000000000000000        0x0 libc.a(start.o)
 .group         0x0000000000000000        0x8 libc.a(init.o)
 .data          0x0000000000000000        0x0 libc.a(init.o)
 .bss           0x0000000000000000        0x0 libc.a(init.o)
 .text.__x86.get_pc_thunk.bx
                0x0000000000000000        0x4 libc.a(init.o)
 .note.GNU-stack
                0x0000000000000000        0x0 libc.a(init.o)
 .note.gnu.property
                0x0000000000000000       0x1c libc.a(init.o)
 .eh_frame      0x0000000000000000       0x58 libc.a(init.o)
 .group         0x0000000000000000        0x8 libc.a(mem_alloc.o)
 .group         0x0000000000000000        0x8 libc.a(mem_alloc.o)
 .data          0x0000000000000000        0x0 libc.a(mem_alloc.o)
 .text.__x86.get_pc_thunk.cx
                0x0000000000000000        0x4 libc.a(mem_alloc.o)
 .note.GNU-stack
                0x0000000000000000        0x0 libc.a(mem_alloc.o)
 .note.gnu.property
                0x0000000000000000       0x1c libc.a(mem_alloc.o)
 .eh_frame      0x0000000000000000       0xa0 libc.a(mem_alloc.o)
 .group         0x0000000000000000        0xc libc.a(console_kernel.o)
 .data          0x0000000000000000        0x0 libc.a(console_kernel.o)
 .bss           0x0000000000000000        0x0 libc.a(console_kernel.o)
 .note.GNU-stack
                0x0000000000000000        0x0 libc.a(console_kernel.o)
 .note.gnu.property
                0x0000000000000000       0x1c libc.a(console_kernel.o)
 .eh_frame      0x0000000000000000       0x5c libc.a(console_kernel.o)

Memory Configuration

Name             Origin             Length             Attributes
*default*        0x0000000000000000 0xffffffffffffffff

Linker script and memory map

                0x00000000c0000000                stack_top = 0xc0000000
                0x0000000000001000                . = 0x1000
                0x0000000000001074                . = (. + SIZEOF_HEADERS)

.text           0x0000000000001074      0xbad
 *(.text*)
 .text          0x0000000000001074      0x3bb malloc-outofmem.o
                0x00000000000010b4                malloc_ret_identifier(int)
                0x0000000000001401                main
 *fill*         0x000000000000142f        0x1 
 .text._ZN13ConsoleString4putcEi
                0x0000000000001430       0x17 malloc-outofmem.o
                0x0000000000001430                ConsoleString::putc(int)
 *fill*         0x0000000000001447        0x1 
 .text._ZN13ConsoleString7sprintfEPKcz
                0x0000000000001448       0x29 malloc-outofmem.o
                0x0000000000001448                ConsoleString::sprintf(char const*, ...)
 *fill*         0x0000000000001471        0x1 
 .text          0x0000000000001472      0x45e libc.a(console.o)
                0x0000000000001472                Console::print_number(unsigned long long, unsigned int, unsigned int, unsigned int)
                0x00000000000015fc                Console::vprintf(char const*, char*)
 .text.__x86.get_pc_thunk.si
                0x00000000000018d0        0x4 libc.a(console.o)
                0x00000000000018d0                __x86.get_pc_thunk.si
 .text          0x00000000000018d4       0xef libc.a(stdio.o)
                0x000000000000190b                panic
                0x000000000000193d                printf
                0x0000000000001984                puts
                0x00000000000019a9                __cxa_pure_virtual
 *fill*         0x00000000000019c3        0x1 
 .text._ZN8Spinlock4lockEv
                0x00000000000019c4       0x1d libc.a(stdio.o)
                0x00000000000019c4                Spinlock::lock()
 .text.__x86.get_pc_thunk.ax
                0x00000000000019e1        0x4 libc.a(stdio.o)
                0x00000000000019e1                __x86.get_pc_thunk.ax
 .text.__x86.get_pc_thunk.cx
                0x00000000000019e5        0x4 libc.a(stdio.o)
                0x00000000000019e5                __x86.get_pc_thunk.cx
 .text.__x86.get_pc_thunk.bx
                0x00000000000019e9        0x4 libc.a(stdio.o)
                0x00000000000019e9                __x86.get_pc_thunk.bx
 .text          0x00000000000019ed       0x11 libc.a(start.o)
                0x00000000000019ed                _start
 .text          0x00000000000019fe       0x59 libc.a(init.o)
                0x00000000000019fe                __init
 .text          0x0000000000001a57      0x176 libc.a(mem_alloc.o)
                0x0000000000001a57                my_malloc
                0x0000000000001b31                my_free
 .text.__x86.get_pc_thunk.bp
                0x0000000000001bcd        0x4 libc.a(mem_alloc.o)
                0x0000000000001bcd                __x86.get_pc_thunk.bp
 *fill*         0x0000000000001bd1        0x1 
 .text          0x0000000000001bd2       0x4f libc.a(console_kernel.o)
                0x0000000000001bea                Console_kernel::putc(int)

.iplt           0x0000000000001c21        0x0
 .iplt          0x0000000000001c21        0x0 malloc-outofmem.o

.eh_frame_hdr   0x0000000000001c24        0x0
 .eh_frame_hdr  0x0000000000001c24        0x0 malloc-outofmem.o

.rel.dyn        0x0000000000001c24        0x0
 .rel.got       0x0000000000001c24        0x0 malloc-outofmem.o
 .rel.iplt      0x0000000000001c24        0x0 malloc-outofmem.o
 .rel.text      0x0000000000001c24        0x0 malloc-outofmem.o
 .rel.rodata._ZTV13ConsoleString
                0x0000000000001c24        0x0 malloc-outofmem.o

.init_array     0x0000000000001c24      0x3dc
                0x0000000000001c24                PROVIDE (CTORS_L = .)
 *(.init_array.65534 .ctors.00001)
                0x0000000000001c24                PROVIDE (CTORS_G = .)
 *(.init_array.* .ctors.*)
 .init_array.00101
                0x0000000000001c24        0x4 libc.a(stdio.o)
 *(.init_array .ctors)
                0x0000000000001c28                PROVIDE (CTORS_E = .)
                0x0000000000002000                . = ALIGN (0x1000)
 *fill*         0x0000000000001c28      0x3d8 
                0x0000000000002000                . = ALIGN (0x1000)

.data           0x0000000000002000      0x410
                0x0000000000002000        0x1 BYTE 0x42
 *(.rodata*)
 *fill*         0x0000000000002001        0x3 
 .rodata.str1.4
                0x0000000000002004      0x246 malloc-outofmem.o
 .rodata.str1.1
                0x000000000000224a       0x1d malloc-outofmem.o
                                         0x1e (size before relaxing)
 *fill*         0x0000000000002267        0x1 
 .rodata._ZTV7Console
                0x0000000000002268        0xc malloc-outofmem.o
                0x0000000000002268                vtable for Console
 .rodata._ZTV13ConsoleString
                0x0000000000002274        0xc malloc-outofmem.o
                0x0000000000002274                vtable for ConsoleString
 .rodata.str1.1
                0x0000000000002280       0x11 libc.a(console.o)
 *fill*         0x0000000000002291        0x3 
 .rodata        0x0000000000002294      0x158 libc.a(console.o)
 .rodata.str1.1
                0x00000000000023ec        0x4 libc.a(stdio.o)
 *(.data*)
 .data          0x00000000000023f0       0x14 malloc-outofmem.o
                0x0000000000002400                cookie
 .data.rel.ro.local._ZTV14Console_kernel
                0x0000000000002404        0xc libc.a(console_kernel.o)
                0x0000000000002404                vtable for Console_kernel

.got            0x0000000000002410        0x0
 .got           0x0000000000002410        0x0 malloc-outofmem.o

.got.plt        0x0000000000002410        0xc
 .got.plt       0x0000000000002410        0xc malloc-outofmem.o
                0x0000000000002410                _GLOBAL_OFFSET_TABLE_

.igot.plt       0x000000000000241c        0x0
 .igot.plt      0x000000000000241c        0x0 malloc-outofmem.o

.bss            0x0000000000002420      0x198
 *(.bss*)
 .bss           0x0000000000002420      0x100 malloc-outofmem.o
 .bss           0x0000000000002520       0x90 libc.a(stdio.o)
                0x0000000000002520                printf_lock
                0x0000000000002540                console
 .bss           0x00000000000025b0        0x8 libc.a(mem_alloc.o)
                [!provide]                        PROVIDE (BSS_E = .)

.stab
 *(.stab)

.stabstr
 *(.stabstr)

.stab.excl
 *(.stab.excl)

.stab.exclstr
 *(.stab.exclstr)

.stab.index
 *(.stab.index)

.stab.indexstr
 *(.stab.indexstr)

.comment        0x0000000000000000       0x3d
 *(.comment)
 .comment       0x0000000000000000       0x12 malloc-outofmem.o
                                         0x13 (size before relaxing)
 .comment       0x0000000000000012       0x2b libc.a(console.o)
                                         0x2c (size before relaxing)
 .comment       0x000000000000003d       0x2c libc.a(stdio.o)
 .comment       0x000000000000003d       0x2c libc.a(init.o)
 .comment       0x000000000000003d       0x2c libc.a(mem_alloc.o)
 .comment       0x000000000000003d       0x2c libc.a(console_kernel.o)

.debug
 *(.debug)

.line
 *(.line)

.debug_srcinfo
 *(.debug_srcinfo)

.debug_sfnames
 *(.debug_sfnames)

.debug_aranges  0x0000000000000000       0xc8
 *(.debug_aranges)
 .debug_aranges
                0x0000000000000000       0x20 libc.a(console.o)
 .debug_aranges
                0x0000000000000020       0x28 libc.a(stdio.o)
 .debug_aranges
                0x0000000000000048       0x20 libc.a(start.o)
 .debug_aranges
                0x0000000000000068       0x20 libc.a(init.o)
 .debug_aranges
                0x0000000000000088       0x20 libc.a(mem_alloc.o)
 .debug_aranges
                0x00000000000000a8       0x20 libc.a(console_kernel.o)

.debug_pubnames
 *(.debug_pubnames)

.debug_info     0x0000000000000000     0x14c0
 *(.debug_info .gnu.linkonce.wi.*)
 .debug_info    0x0000000000000000      0x515 libc.a(console.o)
 .debug_info    0x0000000000000515      0x7e6 libc.a(stdio.o)
 .debug_info    0x0000000000000cfb       0x26 libc.a(start.o)
 .debug_info    0x0000000000000d21      0x1d6 libc.a(init.o)
 .debug_info    0x0000000000000ef7      0x289 libc.a(mem_alloc.o)
 .debug_info    0x0000000000001180      0x340 libc.a(console_kernel.o)

.debug_abbrev   0x0000000000000000      0xb20
 *(.debug_abbrev)
 .debug_abbrev  0x0000000000000000      0x290 libc.a(console.o)
 .debug_abbrev  0x0000000000000290      0x411 libc.a(stdio.o)
 .debug_abbrev  0x00000000000006a1       0x14 libc.a(start.o)
 .debug_abbrev  0x00000000000006b5      0x10d libc.a(init.o)
 .debug_abbrev  0x00000000000007c2      0x14b libc.a(mem_alloc.o)
 .debug_abbrev  0x000000000000090d      0x213 libc.a(console_kernel.o)

.debug_line     0x0000000000000000      0xa2e
 *(.debug_line .debug_line.* .debug_line_end)
 .debug_line    0x0000000000000000      0x429 libc.a(console.o)
 .debug_line    0x0000000000000429      0x1ca libc.a(stdio.o)
 .debug_line    0x00000000000005f3       0x3c libc.a(start.o)
 .debug_line    0x000000000000062f      0x102 libc.a(init.o)
 .debug_line    0x0000000000000731      0x201 libc.a(mem_alloc.o)
 .debug_line    0x0000000000000932       0xfc libc.a(console_kernel.o)

.debug_frame
 *(.debug_frame)

.debug_str      0x0000000000000000      0x8f3
 *(.debug_str)
 .debug_str     0x0000000000000000      0x34b libc.a(console.o)
                                        0x37f (size before relaxing)
 .debug_str     0x000000000000034b      0x316 libc.a(stdio.o)
                                        0x62c (size before relaxing)
 .debug_str     0x0000000000000661       0x18 libc.a(start.o)
                                         0x8e (size before relaxing)
 .debug_str     0x0000000000000679       0x8a libc.a(init.o)
                                        0x280 (size before relaxing)
 .debug_str     0x0000000000000703      0x197 libc.a(mem_alloc.o)
                                        0x1c1 (size before relaxing)
 .debug_str     0x000000000000089a       0x59 libc.a(console_kernel.o)
                                        0x35a (size before relaxing)

.debug_loc      0x0000000000000000      0xc1e
 *(.debug_loc)
 .debug_loc     0x0000000000000000      0x6a3 libc.a(console.o)
 .debug_loc     0x00000000000006a3      0x174 libc.a(stdio.o)
 .debug_loc     0x0000000000000817       0x5e libc.a(init.o)
 .debug_loc     0x0000000000000875      0x297 libc.a(mem_alloc.o)
 .debug_loc     0x0000000000000b0c      0x112 libc.a(console_kernel.o)

.debug_macinfo
 *(.debug_macinfo)

.debug_weaknames
 *(.debug_weaknames)

.debug_funcnames
 *(.debug_funcnames)

.debug_typenames
 *(.debug_typenames)

.debug_varnames
 *(.debug_varnames)

.debug_pubtypes
 *(.debug_pubtypes)

.debug_ranges   0x0000000000000000       0x48
 *(.debug_ranges)
 .debug_ranges  0x0000000000000000       0x18 libc.a(console.o)
 .debug_ranges  0x0000000000000018       0x30 libc.a(stdio.o)

.debug_macro
 *(.debug_macro)

.debug_addr
 *(.debug_addr)

.gnu.attributes
 *(.gnu.attributes)

/DISCARD/
 *(.note.GNU-stack)
 *(.gnu_debuglink)
 *(.gnu.lto_*)
LOAD malloc-outofmem.o
LOAD libc.a
OUTPUT(malloc-outofmem elf32-i386)
