Archive member included to satisfy reference by file (symbol)

libc.a(console.o)             malloc-defragmentation.o (Console::vprintf(char const*, char*))
libc.a(stdio.o)               malloc-defragmentation.o (printf)
libc.a(start.o)               (_start)
libc.a(init.o)                libc.a(start.o) (__init)
libc.a(mem_alloc.o)           malloc-defragmentation.o (my_malloc)
libc.a(console_kernel.o)      libc.a(stdio.o) (vtable for Console_kernel)

Merging program properties

Removed property 0xc0010001 to merge malloc-defragmentation.o (0x1) and libc.a(console.o) (not found)
Removed property 0xc0010002 to merge malloc-defragmentation.o (0x0) and libc.a(console.o) (not found)
Removed property 0xc0000002 to merge malloc-defragmentation.o (not found) and libc.a(console.o) (0x3)
Removed property 0xc0000002 to merge malloc-defragmentation.o (not found) and libc.a(stdio.o) (0x3)
Removed property 0xc0000002 to merge malloc-defragmentation.o (not found) and libc.a(init.o) (0x3)
Removed property 0xc0000002 to merge malloc-defragmentation.o (not found) and libc.a(mem_alloc.o) (0x3)
Removed property 0xc0000002 to merge malloc-defragmentation.o (not found) and libc.a(console_kernel.o) (0x3)

Discarded input sections

 .group         0x0000000000000000        0x8 malloc-defragmentation.o
 .group         0x0000000000000000        0xc malloc-defragmentation.o
 .group         0x0000000000000000        0xc malloc-defragmentation.o
 .group         0x0000000000000000        0xc malloc-defragmentation.o
 .note.GNU-stack
                0x0000000000000000        0x0 malloc-defragmentation.o
 .note.gnu.property
                0x0000000000000000       0x28 malloc-defragmentation.o
 .eh_frame      0x0000000000000000      0x378 malloc-defragmentation.o
 .group         0x0000000000000000        0x8 libc.a(console.o)
 .data          0x0000000000000000        0x0 libc.a(console.o)
 .bss           0x0000000000000000        0x0 libc.a(console.o)
 .note.GNU-stack
                0x0000000000000000        0x0 libc.a(console.o)
 .note.gnu.property
                0x0000000000000000       0x1c libc.a(console.o)
 .eh_frame      0x0000000000000000      0x180 libc.a(console.o)
 .group         0x0000000000000000        0x8 libc.a(stdio.o)
 .group         0x0000000000000000        0x8 libc.a(stdio.o)
 .group         0x0000000000000000        0x8 libc.a(stdio.o)
 .group         0x0000000000000000        0x8 libc.a(stdio.o)
 .data          0x0000000000000000        0x0 libc.a(stdio.o)
 .note.GNU-stack
                0x0000000000000000        0x0 libc.a(stdio.o)
 .note.gnu.property
                0x0000000000000000       0x1c libc.a(stdio.o)
 .eh_frame      0x0000000000000000      0x11c libc.a(stdio.o)
 .data          0x0000000000000000        0x0 libc.a(start.o)
 .bss           0x0000000000000000        0x0 libc.a(start.o)
 .group         0x0000000000000000        0x8 libc.a(init.o)
 .data          0x0000000000000000        0x0 libc.a(init.o)
 .bss           0x0000000000000000        0x0 libc.a(init.o)
 .text.__x86.get_pc_thunk.bx
                0x0000000000000000        0x4 libc.a(init.o)
 .note.GNU-stack
                0x0000000000000000        0x0 libc.a(init.o)
 .note.gnu.property
                0x0000000000000000       0x1c libc.a(init.o)
 .eh_frame      0x0000000000000000       0x58 libc.a(init.o)
 .group         0x0000000000000000        0x8 libc.a(mem_alloc.o)
 .group         0x0000000000000000        0x8 libc.a(mem_alloc.o)
 .data          0x0000000000000000        0x0 libc.a(mem_alloc.o)
 .text.__x86.get_pc_thunk.cx
                0x0000000000000000        0x4 libc.a(mem_alloc.o)
 .note.GNU-stack
                0x0000000000000000        0x0 libc.a(mem_alloc.o)
 .note.gnu.property
                0x0000000000000000       0x1c libc.a(mem_alloc.o)
 .eh_frame      0x0000000000000000       0xa0 libc.a(mem_alloc.o)
 .group         0x0000000000000000        0xc libc.a(console_kernel.o)
 .data          0x0000000000000000        0x0 libc.a(console_kernel.o)
 .bss           0x0000000000000000        0x0 libc.a(console_kernel.o)
 .note.GNU-stack
                0x0000000000000000        0x0 libc.a(console_kernel.o)
 .note.gnu.property
                0x0000000000000000       0x1c libc.a(console_kernel.o)
 .eh_frame      0x0000000000000000       0x5c libc.a(console_kernel.o)

Memory Configuration

Name             Origin             Length             Attributes
*default*        0x0000000000000000 0xffffffffffffffff

Linker script and memory map

                0x00000000c0000000                stack_top = 0xc0000000
                0x0000000000001000                . = 0x1000
                0x0000000000001074                . = (. + SIZEOF_HEADERS)

.text           0x0000000000001074      0xfa5
 *(.text*)
 .text          0x0000000000001074      0x7b4 malloc-defragmentation.o
                0x00000000000010b4                malloc_ret_identifier(int)
                0x00000000000017fa                main
 .text._ZN13ConsoleString4putcEi
                0x0000000000001828       0x17 malloc-defragmentation.o
                0x0000000000001828                ConsoleString::putc(int)
 *fill*         0x000000000000183f        0x1 
 .text._ZN13ConsoleString7sprintfEPKcz
                0x0000000000001840       0x29 malloc-defragmentation.o
                0x0000000000001840                ConsoleString::sprintf(char const*, ...)
 *fill*         0x0000000000001869        0x1 
 .text          0x000000000000186a      0x45e libc.a(console.o)
                0x000000000000186a                Console::print_number(unsigned long long, unsigned int, unsigned int, unsigned int)
                0x00000000000019f4                Console::vprintf(char const*, char*)
 .text.__x86.get_pc_thunk.si
                0x0000000000001cc8        0x4 libc.a(console.o)
                0x0000000000001cc8                __x86.get_pc_thunk.si
 .text          0x0000000000001ccc       0xef libc.a(stdio.o)
                0x0000000000001d03                panic
                0x0000000000001d35                printf
                0x0000000000001d7c                puts
                0x0000000000001da1                __cxa_pure_virtual
 *fill*         0x0000000000001dbb        0x1 
 .text._ZN8Spinlock4lockEv
                0x0000000000001dbc       0x1d libc.a(stdio.o)
                0x0000000000001dbc                Spinlock::lock()
 .text.__x86.get_pc_thunk.ax
                0x0000000000001dd9        0x4 libc.a(stdio.o)
                0x0000000000001dd9                __x86.get_pc_thunk.ax
 .text.__x86.get_pc_thunk.cx
                0x0000000000001ddd        0x4 libc.a(stdio.o)
                0x0000000000001ddd                __x86.get_pc_thunk.cx
 .text.__x86.get_pc_thunk.bx
                0x0000000000001de1        0x4 libc.a(stdio.o)
                0x0000000000001de1                __x86.get_pc_thunk.bx
 .text          0x0000000000001de5       0x11 libc.a(start.o)
                0x0000000000001de5                _start
 .text          0x0000000000001df6       0x59 libc.a(init.o)
                0x0000000000001df6                __init
 .text          0x0000000000001e4f      0x176 libc.a(mem_alloc.o)
                0x0000000000001e4f                my_malloc
                0x0000000000001f29                my_free
 .text.__x86.get_pc_thunk.bp
                0x0000000000001fc5        0x4 libc.a(mem_alloc.o)
                0x0000000000001fc5                __x86.get_pc_thunk.bp
 *fill*         0x0000000000001fc9        0x1 
 .text          0x0000000000001fca       0x4f libc.a(console_kernel.o)
                0x0000000000001fe2                Console_kernel::putc(int)

.iplt           0x0000000000002019        0x0
 .iplt          0x0000000000002019        0x0 malloc-defragmentation.o

.eh_frame_hdr   0x000000000000201c        0x0
 .eh_frame_hdr  0x000000000000201c        0x0 malloc-defragmentation.o

.rel.dyn        0x000000000000201c        0x0
 .rel.got       0x000000000000201c        0x0 malloc-defragmentation.o
 .rel.iplt      0x000000000000201c        0x0 malloc-defragmentation.o
 .rel.text      0x000000000000201c        0x0 malloc-defragmentation.o
 .rel.rodata._ZTV13ConsoleString
                0x000000000000201c        0x0 malloc-defragmentation.o

.init_array     0x000000000000201c      0xfe4
                0x000000000000201c                PROVIDE (CTORS_L = .)
 *(.init_array.65534 .ctors.00001)
                0x000000000000201c                PROVIDE (CTORS_G = .)
 *(.init_array.* .ctors.*)
 .init_array.00101
                0x000000000000201c        0x4 libc.a(stdio.o)
 *(.init_array .ctors)
                0x0000000000002020                PROVIDE (CTORS_E = .)
                0x0000000000003000                . = ALIGN (0x1000)
 *fill*         0x0000000000002020      0xfe0 
                0x0000000000003000                . = ALIGN (0x1000)

.data           0x0000000000003000      0x56c
                0x0000000000003000        0x1 BYTE 0x42
 *(.rodata*)
 *fill*         0x0000000000003001        0x3 
 .rodata.str1.4
                0x0000000000003004      0x33c malloc-defragmentation.o
 .rodata.str1.1
                0x0000000000003340       0x82 malloc-defragmentation.o
                                         0x83 (size before relaxing)
 *fill*         0x00000000000033c2        0x2 
 .rodata._ZTV7Console
                0x00000000000033c4        0xc malloc-defragmentation.o
                0x00000000000033c4                vtable for Console
 .rodata._ZTV13ConsoleString
                0x00000000000033d0        0xc malloc-defragmentation.o
                0x00000000000033d0                vtable for ConsoleString
 .rodata.str1.1
                0x00000000000033dc       0x11 libc.a(console.o)
 *fill*         0x00000000000033ed        0x3 
 .rodata        0x00000000000033f0      0x158 libc.a(console.o)
 .rodata.str1.1
                0x0000000000003548        0x4 libc.a(stdio.o)
 *(.data*)
 .data          0x000000000000354c       0x14 malloc-defragmentation.o
                0x000000000000355c                cookie
 .data.rel.ro.local._ZTV14Console_kernel
                0x0000000000003560        0xc libc.a(console_kernel.o)
                0x0000000000003560                vtable for Console_kernel

.got            0x000000000000356c        0x0
 .got           0x000000000000356c        0x0 malloc-defragmentation.o

.got.plt        0x000000000000356c        0xc
 .got.plt       0x000000000000356c        0xc malloc-defragmentation.o
                0x000000000000356c                _GLOBAL_OFFSET_TABLE_

.igot.plt       0x0000000000003578        0x0
 .igot.plt      0x0000000000003578        0x0 malloc-defragmentation.o

.bss            0x0000000000003580      0x258
 *(.bss*)
 .bss           0x0000000000003580      0x1c0 malloc-defragmentation.o
 .bss           0x0000000000003740       0x90 libc.a(stdio.o)
                0x0000000000003740                printf_lock
                0x0000000000003760                console
 .bss           0x00000000000037d0        0x8 libc.a(mem_alloc.o)
                [!provide]                        PROVIDE (BSS_E = .)

.stab
 *(.stab)

.stabstr
 *(.stabstr)

.stab.excl
 *(.stab.excl)

.stab.exclstr
 *(.stab.exclstr)

.stab.index
 *(.stab.index)

.stab.indexstr
 *(.stab.indexstr)

.comment        0x0000000000000000       0x3d
 *(.comment)
 .comment       0x0000000000000000       0x12 malloc-defragmentation.o
                                         0x13 (size before relaxing)
 .comment       0x0000000000000012       0x2b libc.a(console.o)
                                         0x2c (size before relaxing)
 .comment       0x000000000000003d       0x2c libc.a(stdio.o)
 .comment       0x000000000000003d       0x2c libc.a(init.o)
 .comment       0x000000000000003d       0x2c libc.a(mem_alloc.o)
 .comment       0x000000000000003d       0x2c libc.a(console_kernel.o)

.debug
 *(.debug)

.line
 *(.line)

.debug_srcinfo
 *(.debug_srcinfo)

.debug_sfnames
 *(.debug_sfnames)

.debug_aranges  0x0000000000000000       0xc8
 *(.debug_aranges)
 .debug_aranges
                0x0000000000000000       0x20 libc.a(console.o)
 .debug_aranges
                0x0000000000000020       0x28 libc.a(stdio.o)
 .debug_aranges
                0x0000000000000048       0x20 libc.a(start.o)
 .debug_aranges
                0x0000000000000068       0x20 libc.a(init.o)
 .debug_aranges
                0x0000000000000088       0x20 libc.a(mem_alloc.o)
 .debug_aranges
                0x00000000000000a8       0x20 libc.a(console_kernel.o)

.debug_pubnames
 *(.debug_pubnames)

.debug_info     0x0000000000000000     0x14c0
 *(.debug_info .gnu.linkonce.wi.*)
 .debug_info    0x0000000000000000      0x515 libc.a(console.o)
 .debug_info    0x0000000000000515      0x7e6 libc.a(stdio.o)
 .debug_info    0x0000000000000cfb       0x26 libc.a(start.o)
 .debug_info    0x0000000000000d21      0x1d6 libc.a(init.o)
 .debug_info    0x0000000000000ef7      0x289 libc.a(mem_alloc.o)
 .debug_info    0x0000000000001180      0x340 libc.a(console_kernel.o)

.debug_abbrev   0x0000000000000000      0xb20
 *(.debug_abbrev)
 .debug_abbrev  0x0000000000000000      0x290 libc.a(console.o)
 .debug_abbrev  0x0000000000000290      0x411 libc.a(stdio.o)
 .debug_abbrev  0x00000000000006a1       0x14 libc.a(start.o)
 .debug_abbrev  0x00000000000006b5      0x10d libc.a(init.o)
 .debug_abbrev  0x00000000000007c2      0x14b libc.a(mem_alloc.o)
 .debug_abbrev  0x000000000000090d      0x213 libc.a(console_kernel.o)

.debug_line     0x0000000000000000      0xa2e
 *(.debug_line .debug_line.* .debug_line_end)
 .debug_line    0x0000000000000000      0x429 libc.a(console.o)
 .debug_line    0x0000000000000429      0x1ca libc.a(stdio.o)
 .debug_line    0x00000000000005f3       0x3c libc.a(start.o)
 .debug_line    0x000000000000062f      0x102 libc.a(init.o)
 .debug_line    0x0000000000000731      0x201 libc.a(mem_alloc.o)
 .debug_line    0x0000000000000932       0xfc libc.a(console_kernel.o)

.debug_frame
 *(.debug_frame)

.debug_str      0x0000000000000000      0x8f3
 *(.debug_str)
 .debug_str     0x0000000000000000      0x34b libc.a(console.o)
                                        0x37f (size before relaxing)
 .debug_str     0x000000000000034b      0x316 libc.a(stdio.o)
                                        0x62c (size before relaxing)
 .debug_str     0x0000000000000661       0x18 libc.a(start.o)
                                         0x8e (size before relaxing)
 .debug_str     0x0000000000000679       0x8a libc.a(init.o)
                                        0x280 (size before relaxing)
 .debug_str     0x0000000000000703      0x197 libc.a(mem_alloc.o)
                                        0x1c1 (size before relaxing)
 .debug_str     0x000000000000089a       0x59 libc.a(console_kernel.o)
                                        0x35a (size before relaxing)

.debug_loc      0x0000000000000000      0xc1e
 *(.debug_loc)
 .debug_loc     0x0000000000000000      0x6a3 libc.a(console.o)
 .debug_loc     0x00000000000006a3      0x174 libc.a(stdio.o)
 .debug_loc     0x0000000000000817       0x5e libc.a(init.o)
 .debug_loc     0x0000000000000875      0x297 libc.a(mem_alloc.o)
 .debug_loc     0x0000000000000b0c      0x112 libc.a(console_kernel.o)

.debug_macinfo
 *(.debug_macinfo)

.debug_weaknames
 *(.debug_weaknames)

.debug_funcnames
 *(.debug_funcnames)

.debug_typenames
 *(.debug_typenames)

.debug_varnames
 *(.debug_varnames)

.debug_pubtypes
 *(.debug_pubtypes)

.debug_ranges   0x0000000000000000       0x48
 *(.debug_ranges)
 .debug_ranges  0x0000000000000000       0x18 libc.a(console.o)
 .debug_ranges  0x0000000000000018       0x30 libc.a(stdio.o)

.debug_macro
 *(.debug_macro)

.debug_addr
 *(.debug_addr)

.gnu.attributes
 *(.gnu.attributes)

/DISCARD/
 *(.note.GNU-stack)
 *(.gnu_debuglink)
 *(.gnu.lto_*)
LOAD malloc-defragmentation.o
LOAD libc.a
OUTPUT(malloc-defragmentation elf32-i386)
